
 ⛅️ wrangler 4.128.0
────────────────────
Your Worker has access to the following bindings:
Binding                                          Resource            Mode
env.RELAY_ROOM (RelayRoom)                       Durable Object      local
env.REPLAY_BUCKET (nim-relay-artifacts-dev)      R2 Bucket           local
env.ASSETS                                       Assets              local

⎔ Starting local server...
[33m▲ [43;33m[[43;30mWARNING[43;33m][0m [1mScheduled Workers are not automatically triggered during local development.[0m

  To manually trigger a scheduled event, run:
    curl "http://localhost:8797/cdn-cgi/local/scheduled"
  For more details, see [4mhttps://developers.cloudflare.com/workers/configuration/cron-triggers/#test-cron-triggers-locally[0m


Wrangler detected this dev session is running in an AI agent.
The Local Explorer API is available at http://localhost:8797/cdn-cgi/local/explorer/api
Useful routes:
  GET http://localhost:8797/cdn-cgi/local/explorer/api/local/workers - local Workers and bindings
  GET http://localhost:8797/cdn-cgi/local/explorer/api/storage/kv/namespaces - KV namespaces
  GET http://localhost:8797/cdn-cgi/local/explorer/api/d1/database - D1 databases
  GET http://localhost:8797/cdn-cgi/local/explorer/api/r2/buckets - R2 buckets
  GET http://localhost:8797/cdn-cgi/local/explorer/api/workers/durable_objects/namespaces - Durable Object namespaces
  GET http://localhost:8797/cdn-cgi/local/explorer/api/workflows - Workflows
  POST http://localhost:8797/cdn-cgi/local/explorer/api/local/observability/query - run a read-only SQL query (SELECT/WITH only) over captured request traces and console logs. Tables: spans, logs (read attributes via json(attributes)). Example:
    curl -X POST http://localhost:8797/cdn-cgi/local/explorer/api/local/observability/query -H 'Content-Type: application/json' -d '{"sql":"SELECT service, name, outcome, duration_ms FROM spans WHERE parent_id IS NULL LIMIT 20"}'
If the routes above don't cover what you need, fetch the full OpenAPI schema (large - use only as a last resort):
  GET http://localhost:8797/cdn-cgi/local/explorer/api - OpenAPI schema
[wrangler:info] Ready on http://localhost:8797
[wrangler:info] GET /ws/relays/smoke-test-relay 101 Switching Protocols (9ms)
